0 14 39
0 55 67
0 60 41
0 55 98
0 72 53
0 75 41
0 66 33
0 68 71
0 58 55
0 64 1
0 30 24
0 28 89
0 55 60
0 4 32
0 36 36
0 62 50
0 75 69
0 70 87
0 10 25
0 85 34
0 30 61
0 76 48
0 94 96
0 19 52
0 3 36
0 54 34
0 60 34
0 75 67
0 46 31
0 51 83
0 67 14
0 85 94
0 35 7
0 82 46
0 84 67
0 32 67
0 28 60
0 15 75
0 8 35
0 79 12
0 71 33
0 98 83
0 20 25
0 50 66
0 8 1
0 1 27
0 67 39
0 21 3
0 46 3
0 1 83
0 23 85
0 50 3
0 46 65
0 78 6
0 0 58
0 18 23
0 43 16
0 6 15
0 93 8
0 82 1
0 10 35
0 28 29
0 74 50
0 32 73
0 5 85
0 56 80
0 71 6
0 84 69
0 23 62
0 75 76
0 72 94
0 99 68
0 62 58
0 83 56
0 66 65
0 57 28
0 53 38
0 58 27
0 88 42
0 52 45
0 80 60
0 26 51
0 66 10
0 20 42
0 24 47
0 18 49
0 93 17
0 17 56
0 27 0
0 64 94
0 66 73
0 74 71
0 11 84
0 98 99
0 79 3
0 97 59
0 63 23
0 10 82
0 85 82
0 24 61
0 81 42
0 10 75
0 11 27
0 31 39
0 28 47
0 85 46
0 20 59
0 17 32
0 96 67
0 83 75
0 22 80
0 34 86
0 55 96
0 20 40
0 78 44
0 2 59
0 38 12
0 34 1
0 92 17
0 40 20
0 64 77
0 18 85
0 89 87
0 69 85
0 6 52
0 12 29
0 85 46
0 15 40
0 42 35
0 81 72
0 31 83
0 83 21
0 47 70
0 22 39
0 39 15
0 11 4
0 92 81
0 41 33
0 68 10
0 70 75
0 14 82
0 4 99
0 28 71
0 40 22
0 58 73
0 94 41
0 8 30
0 62 55
0 0 84
0 47 39
0 51 10
0 95 44
0 92 36
0 29 12
0 98 0
0 39 65
0 82 95
0 64 63
0 66 56
0 85 76
0 81 32
0 17 89
0 62 79
0 97 14
0 16 96
0 53 67
0 6 1
0 63 50
0 37 93
0 63 88
0 93 2
0 5 27
0 98 21
0 90 16
0 78 76
0 93 59
0 8 62
0 1 22
0 42 98
0 36 10
0 94 41
0 77 52
0 42 93
0 3 32
0 86 66
0 20 31
0 20 77
0 58 70
0 98 49
0 87 76
0 77 32
0 88 37
0 94 41
0 11 88
0 39 47
0 98 85
0 88 28
0 37 31
0 21 92
0 15 59
0 10 87
0 90 31
0 64 0
0 53 62
0 1 40
0 91 78
0 24 31
0 67 19
0 72 78
0 7 63
0 77 58
0 48 18
0 86 37
0 1 59
0 30 16
0 18 92
0 3 8
0 23 67
0 60 77
0 29 62
0 69 72
0 92 94
0 3 60
0 65 75
0 90 24
0 38 68
0 82 38
0 38 20
0 76 39
0 79 58
0 55 49
0 50 58
0 9 26
0 77 70
0 55 58
0 32 24
0 31 24
0 70 34
0 36 35
0 10 79
0 12 0
0 99 94
0 39 37
0 67 15
0 76 46
0 73 31
0 96 75
0 41 5
0 1 18
0 27 56
0 28 59
0 33 59
0 36 3
0 94 24
0 91 56
0 3 3
0 56 2
0 49 95
0 91 16
0 10 67
0 15 35
0 50 11
0 11 43
0 68 64
0 13 96
0 21 42
0 7 54
0 1 95
0 9 95
0 20 52
0 3 23
0 55 60
0 78 57
0 55 69
0 73 18
0 89 40
0 5 39
0 3 68
0 35 72
0 33 48
0 20 6
0 90 79
0 60 44
0 75 21
0 91 95
0 74 95
0 70 81
0 55 48
0 38 62
0 70 64
0 80 59
0 4 38
0 50 8
0 6 37
0 32 91
0 86 52
0 97 28
0 83 9
0 72 58
0 31 64
0 5 5
0 59 76
0 86 14
0 76 25
0 76 98
0 89 9
0 9 45
0 47 12
0 53 5
0 49 85
0 97 35
0 89 94
0 64 73
0 4 36
0 83 87
0 0 89
0 92 11
0 17 78
0 25 93
0 55 54
0 44 96
0 63 53
0 42 62
0 65 47
0 67 15
0 33 16
0 50 74
0 11 66
0 99 67
0 3 83
0 54 55
0 24 98
0 67 41
0 28 44
0 86 84
0 98 30
0 80 13
0 84 74
0 27 1
0 22 95
0 16 7
0 63 19
0 33 26
0 85 33
0 93 40
0 68 99
0 96 44
0 49 15
0 37 78
0 59 75
0 62 10
0 6 94
0 75 42
0 21 3
0 43 95
0 50 12
0 54 13
0 31 87
0 40 16
0 72 85
0 9 92
0 37 57
0 88 86
0 72 25
0 64 83
0 1 78
0 45 59
0 25 21
0 1 98
0 76 96
0 93 26
0 8 47
0 39 91
0 86 31
0 60 59
0 17 69
0 3 54
0 26 92
0 40 50
0 17 57
0 85 70
0 87 31
0 29 12
0 4 82
0 10 80
0 31 55
0 6 91
0 2 97
0 83 89
0 29 95
0 0 46
0 64 3
0 52 42
0 47 44
0 44 65
0 1 29
0 87 41
0 12 17
0 5 16
0 99 16
0 96 82
0 23 54
0 74 26
0 52 57
0 67 81
0 52 19
0 79 68
0 22 31
0 62 22
0 27 6
0 87 81
0 87 74
0 22 52
0 43 27
0 20 95
0 95 17
0 77 19
0 23 51
0 97 75
0 60 64
0 8 64
0 83 39
0 32 57
0 70 46
0 79 50
0 4 18
0 31 44
0 45 53
0 96 40
0 32 16
0 35 28
0 85 65
0 47 9
0 16 44
0 36 29
0 60 45
0 93 95
0 84 78
0 4 7
0 76 84
0 9 81
0 54 40
0 77 51
0 93 73
0 92 25
0 41 79
0 5 79
0 44 52
0 88 13
0 48 76
0 42 8
0 73 87
0 55 58
0 17 60
0 17 46
0 96 26
0 27 50
0 18 4
0 54 63
0 29 98
0 40 22
0 77 46
0 1 22
0 50 41
0 87 99
0 18 29
0 59 91
0 68 15
0 1 38
0 75 70
0 84 23
0 48 63
0 25 66
0 19 79
0 29 48
0 77 22
0 22 55
0 68 24
0 29 18
0 17 16
0 69 35
0 97 81
0 79 17
0 48 32
0 55 75
0 55 91
0 98 3
0 54 23
0 22 73
0 3 3
0 73 32
0 25 96
0 39 45
0 72 68
0 16 89
0 36 85
0 77 33
0 18 8
0 51 66
0 92 58
1 14 39
1 55 67
1 60 41
1 55 98
1 72 53
1 75 41
1 66 33
1 68 71
1 58 55
1 64 1
1 30 24
1 28 89
1 55 60
1 4 32
1 36 36
1 62 50
1 75 69
1 70 87
1 10 25
1 85 34
1 30 61
1 76 48
1 94 96
1 19 52
1 3 36
1 54 34
1 60 34
1 75 67
1 46 31
1 51 83
1 67 14
1 85 94
1 35 7
1 82 46
1 84 67
1 32 67
1 28 60
1 15 75
1 8 35
1 79 12
1 71 33
1 98 83
1 20 25
1 50 66
1 8 1
1 1 27
1 67 39
1 21 3
1 46 3
1 1 83
1 23 85
1 50 3
1 46 65
1 78 6
1 0 58
1 18 23
1 43 16
1 6 15
1 93 8
1 82 1
1 10 35
1 28 29
1 74 50
1 32 73
1 5 85
1 56 80
1 71 6
1 84 69
1 23 62
1 75 76
1 72 94
1 99 68
1 62 58
1 83 56
1 66 65
1 57 28
1 53 38
1 58 27
1 88 42
1 52 45
1 80 60
1 26 51
1 66 10
1 20 42
1 24 47
1 18 49
1 93 17
1 17 56
1 27 0
1 64 94
1 66 73
1 74 71
1 11 84
1 98 99
1 79 3
1 97 59
1 63 23
1 10 82
1 85 82
1 24 61
1 81 42
1 10 75
1 11 27
1 31 39
1 28 47
1 85 46
1 20 59
1 17 32
1 96 67
1 83 75
1 22 80
1 34 86
1 55 96
1 20 40
1 78 44
1 2 59
1 38 12
1 34 1
1 92 17
1 40 20
1 64 77
1 18 85
1 89 87
1 69 85
1 6 52
1 12 29
1 85 46
1 15 40
1 42 35
1 81 72
1 31 83
1 83 21
1 47 70
1 22 39
1 39 15
1 11 4
1 92 81
1 41 33
1 68 10
1 70 75
1 14 82
1 4 99
1 28 71
1 40 22
1 58 73
1 94 41
1 8 30
1 62 55
1 0 84
1 47 39
1 51 10
1 95 44
1 92 36
1 29 12
1 98 0
1 39 65
1 82 95
1 64 63
1 66 56
1 85 76
1 81 32
1 17 89
1 62 79
1 97 14
1 16 96
1 53 67
1 6 1
1 63 50
1 37 93
1 63 88
1 93 2
1 5 27
1 98 21
1 90 16
1 78 76
1 93 59
1 8 62
1 1 22
1 42 98
1 36 10
1 94 41
1 77 52
1 42 93
1 3 32
1 86 66
1 20 31
1 20 77
1 58 70
1 98 49
1 87 76
1 77 32
1 88 37
1 94 41
1 11 88
1 39 47
1 98 85
1 88 28
1 37 31
1 21 92
1 15 59
1 10 87
1 90 31
1 64 0
1 53 62
1 1 40
1 91 78
1 24 31
1 67 19
1 72 78
1 7 63
1 77 58
1 48 18
1 86 37
1 1 59
1 30 16
1 18 92
1 3 8
1 23 67
1 60 77
1 29 62
1 69 72
1 92 94
1 3 60
1 65 75
1 90 24
1 38 68
1 82 38
1 38 20
1 76 39
1 79 58
1 55 49
1 50 58
1 9 26
1 77 70
1 55 58
1 32 24
1 31 24
1 70 34
1 36 35
1 10 79
1 12 0
1 99 94
1 39 37
1 67 15
1 76 46
1 73 31
1 96 75
1 41 5
1 1 18
1 27 56
1 28 59
1 33 59
1 36 3
1 94 24
1 91 56
1 3 3
1 56 2
1 49 95
1 91 16
1 10 67
1 15 35
1 50 11
1 11 43
1 68 64
1 13 96
1 21 42
1 7 54
1 1 95
1 9 95
1 20 52
1 3 23
1 55 60
1 78 57
1 55 69
1 73 18
1 89 40
1 5 39
1 3 68
1 35 72
1 33 48
1 20 6
1 90 79
1 60 44
1 75 21
1 91 95
1 74 95
1 70 81
1 55 48
1 38 62
1 70 64
1 80 59
1 4 38
1 50 8
1 6 37
1 32 91
1 86 52
1 97 28
1 83 9
1 72 58
1 31 64
1 5 5
1 59 76
1 86 14
1 76 25
1 76 98
1 89 9
1 9 45
1 47 12
1 53 5
1 49 85
1 97 35
1 89 94
1 64 73
1 4 36
1 83 87
1 0 89
1 92 11
1 17 78
1 25 93
1 55 54
1 44 96
1 63 53
1 42 62
1 65 47
1 67 15
1 33 16
1 50 74
1 11 66
1 99 67
1 3 83
1 54 55
1 24 98
1 67 41
1 28 44
1 86 84
1 98 30
1 80 13
1 84 74
1 27 1
1 22 95
1 16 7
1 63 19
1 33 26
1 85 33
1 93 40
1 68 99
1 96 44
1 49 15
1 37 78
1 59 75
1 62 10
1 6 94
1 75 42
1 21 3
1 43 95
1 50 12
1 54 13
1 31 87
1 40 16
1 72 85
1 9 92
1 37 57
1 88 86
1 72 25
1 64 83
1 1 78
1 45 59
1 25 21
1 1 98
1 76 96
1 93 26
1 8 47
1 39 91
1 86 31
1 60 59
1 17 69
1 3 54
1 26 92
1 40 50
1 17 57
1 85 70
1 87 31
1 29 12
1 4 82
1 10 80
1 31 55
1 6 91
1 2 97
1 83 89
1 29 95
1 0 46
1 64 3
1 52 42
1 47 44
1 44 65
1 1 29
1 87 41
1 12 17
1 5 16
1 99 16
1 96 82
1 23 54
1 74 26
1 52 57
1 67 81
1 52 19
1 79 68
1 22 31
1 62 22
1 27 6
1 87 81
1 87 74
1 22 52
1 43 27
1 20 95
1 95 17
1 77 19
1 23 51
1 97 75
1 60 64
1 8 64
1 83 39
1 32 57
1 70 46
1 79 50
1 4 18
1 31 44
1 45 53
1 96 40
1 32 16
1 35 28
1 85 65
1 47 9
1 16 44
1 36 29
1 60 45
1 93 95
1 84 78
1 4 7
1 76 84
1 9 81
1 54 40
1 77 51
1 93 73
1 92 25
1 41 79
1 5 79
1 44 52
1 88 13
1 48 76
1 42 8
1 73 87
1 55 58
1 17 60
1 17 46
1 96 26
1 27 50
1 18 4
1 54 63
1 29 98
1 40 22
1 77 46
1 1 22
1 50 41
1 87 99
1 18 29
1 59 91
1 68 15
1 1 38
1 75 70
1 84 23
1 48 63
1 25 66
1 19 79
1 29 48
1 77 22
1 22 55
1 68 24
1 29 18
1 17 16
1 69 35
1 97 81
1 79 17
1 48 32
1 55 75
1 55 91
1 98 3
1 54 23
1 22 73
1 3 3
1 73 32
1 25 96
1 39 45
1 72 68
1 16 89
1 36 85
1 77 33
1 18 8
1 51 66
1 92 58
2 14 39
2 55 67
2 60 41
2 55 98
2 72 53
2 75 41
2 66 33
2 68 71
2 58 55
2 64 1
2 30 24
2 28 89
2 55 60
2 4 32
2 36 36
2 62 50
2 75 69
2 70 87
2 10 25
2 85 34
2 30 61
2 76 48
2 94 96
2 19 52
2 3 36
2 54 34
2 60 34
2 75 67
2 46 31
2 51 83
2 67 14
2 85 94
2 35 7
2 82 46
2 84 67
2 32 67
2 28 60
2 15 75
2 8 35
2 79 12
2 71 33
2 98 83
2 20 25
2 50 66
2 8 1
2 1 27
2 67 39
2 21 3
2 46 3
2 1 83
2 23 85
2 50 3
2 46 65
2 78 6
2 0 58
2 18 23
2 43 16
2 6 15
2 93 8
2 82 1
2 10 35
2 28 29
2 74 50
2 32 73
2 5 85
2 56 80
2 71 6
2 84 69
2 23 62
2 75 76
2 72 94
2 99 68
2 62 58
2 83 56
2 66 65
2 57 28
2 53 38
2 58 27
2 88 42
2 52 45
2 80 60
2 26 51
2 66 10
2 20 42
2 24 47
2 18 49
2 93 17
2 17 56
2 27 0
2 64 94
2 66 73
2 74 71
2 11 84
2 98 99
2 79 3
2 97 59
2 63 23
2 10 82
2 85 82
2 24 61
2 81 42
2 10 75
2 11 27
2 31 39
2 28 47
2 85 46
2 20 59
2 17 32
2 96 67
2 83 75
2 22 80
2 34 86
2 55 96
2 20 40
2 78 44
2 2 59
2 38 12
2 34 1
2 92 17
2 40 20
2 64 77
2 18 85
2 89 87
2 69 85
2 6 52
2 12 29
2 85 46
2 15 40
2 42 35
2 81 72
2 31 83
2 83 21
2 47 70
2 22 39
2 39 15
2 11 4
2 92 81
2 41 33
2 68 10
2 70 75
2 14 82
2 4 99
2 28 71
2 40 22
2 58 73
2 94 41
2 8 30
2 62 55
2 0 84
2 47 39
2 51 10
2 95 44
2 92 36
2 29 12
2 98 0
2 39 65
2 82 95
2 64 63
2 66 56
2 85 76
2 81 32
2 17 89
2 62 79
2 97 14
2 16 96
2 53 67
2 6 1
2 63 50
2 37 93
2 63 88
2 93 2
2 5 27
2 98 21
2 90 16
2 78 76
2 93 59
2 8 62
2 1 22
2 42 98
2 36 10
2 94 41
2 77 52
2 42 93
2 3 32
2 86 66
2 20 31
2 20 77
2 58 70
2 98 49
2 87 76
2 77 32
2 88 37
2 94 41
2 11 88
2 39 47
2 98 85
2 88 28
2 37 31
2 21 92
2 15 59
2 10 87
2 90 31
2 64 0
2 53 62
2 1 40
2 91 78
2 24 31
2 67 19
2 72 78
2 7 63
2 77 58
2 48 18
2 86 37
2 1 59
2 30 16
2 18 92
2 3 8
2 23 67
2 60 77
2 29 62
2 69 72
2 92 94
2 3 60
2 65 75
2 90 24
2 38 68
2 82 38
2 38 20
2 76 39
2 79 58
2 55 49
2 50 58
2 9 26
2 77 70
2 55 58
2 32 24
2 31 24
2 70 34
2 36 35
2 10 79
2 12 0
2 99 94
2 39 37
2 67 15
2 76 46
2 73 31
2 96 75
2 41 5
2 1 18
2 27 56
2 28 59
2 33 59
2 36 3
2 94 24
2 91 56
2 3 3
2 56 2
2 49 95
2 91 16
2 10 67
2 15 35
2 50 11
2 11 43
2 68 64
2 13 96
2 21 42
2 7 54
2 1 95
2 9 95
2 20 52
2 3 23
2 55 60
2 78 57
2 55 69
2 73 18
2 89 40
2 5 39
2 3 68
2 35 72
2 33 48
2 20 6
2 90 79
2 60 44
2 75 21
2 91 95
2 74 95
2 70 81
2 55 48
2 38 62
2 70 64
2 80 59
2 4 38
2 50 8
2 6 37
2 32 91
2 86 52
2 97 28
2 83 9
2 72 58
2 31 64
2 5 5
2 59 76
2 86 14
2 76 25
2 76 98
2 89 9
2 9 45
2 47 12
2 53 5
2 49 85
2 97 35
2 89 94
2 64 73
2 4 36
2 83 87
2 0 89
2 92 11
2 17 78
2 25 93
2 55 54
2 44 96
2 63 53
2 42 62
2 65 47
2 67 15
2 33 16
2 50 74
2 11 66
2 99 67
2 3 83
2 54 55
2 24 98
2 67 41
2 28 44
2 86 84
2 98 30
2 80 13
2 84 74
2 27 1
2 22 95
2 16 7
2 63 19
2 33 26
2 85 33
2 93 40
2 68 99
2 96 44
2 49 15
2 37 78
2 59 75
2 62 10
2 6 94
2 75 42
2 21 3
2 43 95
2 50 12
2 54 13
2 31 87
2 40 16
2 72 85
2 9 92
2 37 57
2 88 86
2 72 25
2 64 83
2 1 78
2 45 59
2 25 21
2 1 98
2 76 96
2 93 26
2 8 47
2 39 91
2 86 31
2 60 59
2 17 69
2 3 54
2 26 92
2 40 50
2 17 57
2 85 70
2 87 31
2 29 12
2 4 82
2 10 80
2 31 55
2 6 91
2 2 97
2 83 89
2 29 95
2 0 46
2 64 3
2 52 42
2 47 44
2 44 65
2 1 29
2 87 41
2 12 17
2 5 16
2 99 16
2 96 82
2 23 54
2 74 26
2 52 57
2 67 81
2 52 19
2 79 68
2 22 31
2 62 22
2 27 6
2 87 81
2 87 74
2 22 52
2 43 27
2 20 95
2 95 17
2 77 19
2 23 51
2 97 75
2 60 64
2 8 64
2 83 39
2 32 57
2 70 46
2 79 50
2 4 18
2 31 44
2 45 53
2 96 40
2 32 16
2 35 28
2 85 65
2 47 9
2 16 44
2 36 29
2 60 45
2 93 95
2 84 78
2 4 7
2 76 84
2 9 81
2 54 40
2 77 51
2 93 73
2 92 25
2 41 79
2 5 79
2 44 52
2 88 13
2 48 76
2 42 8
2 73 87
2 55 58
2 17 60
2 17 46
2 96 26
2 27 50
2 18 4
2 54 63
2 29 98
2 40 22
2 77 46
2 1 22
2 50 41
2 87 99
2 18 29
2 59 91
2 68 15
2 1 38
2 75 70
2 84 23
2 48 63
2 25 66
2 19 79
2 29 48
2 77 22
2 22 55
2 68 24
2 29 18
2 17 16
2 69 35
2 97 81
2 79 17
2 48 32
2 55 75
2 55 91
2 98 3
2 54 23
2 22 73
2 3 3
2 73 32
2 25 96
2 39 45
2 72 68
2 16 89
2 36 85
2 77 33
2 18 8
2 51 66
2 92 58
3 14 39
3 55 67
3 60 41
3 55 98
3 72 53
3 75 41
3 66 33
3 68 71
3 58 55
3 64 1
3 30 24
3 28 89
3 55 60
3 4 32
3 36 36
3 62 50
3 75 69
3 70 87
3 10 25
3 85 34
3 30 61
3 76 48
3 94 96
3 19 52
3 3 36
3 54 34
3 60 34
3 75 67
3 46 31
3 51 83
3 67 14
3 85 94
3 35 7
3 82 46
3 84 67
3 32 67
3 28 60
3 15 75
3 8 35
3 79 12
3 71 33
3 98 83
3 20 25
3 50 66
3 8 1
3 1 27
3 67 39
3 21 3
3 46 3
3 1 83
3 23 85
3 50 3
3 46 65
3 78 6
3 0 58
3 18 23
3 43 16
3 6 15
3 93 8
3 82 1
3 10 35
3 28 29
3 74 50
3 32 73
3 5 85
3 56 80
3 71 6
3 84 69
3 23 62
3 75 76
3 72 94
3 99 68
3 62 58
3 83 56
3 66 65
3 57 28
3 53 38
3 58 27
3 88 42
3 52 45
3 80 60
3 26 51
3 66 10
3 20 42
3 24 47
3 18 49
3 93 17
3 17 56
3 27 0
3 64 94
3 66 73
3 74 71
3 11 84
3 98 99
3 79 3
3 97 59
3 63 23
3 10 82
3 85 82
3 24 61
3 81 42
3 10 75
3 11 27
3 31 39
3 28 47
3 85 46
3 20 59
3 17 32
3 96 67
3 83 75
3 22 80
3 34 86
3 55 96
3 20 40
3 78 44
3 2 59
3 38 12
3 34 1
3 92 17
3 40 20
3 64 77
3 18 85
3 89 87
3 69 85
3 6 52
3 12 29
3 85 46
3 15 40
3 42 35
3 81 72
3 31 83
3 83 21
3 47 70
3 22 39
3 39 15
3 11 4
3 92 81
3 41 33
3 68 10
3 70 75
3 14 82
3 4 99
3 28 71
3 40 22
3 58 73
3 94 41
3 8 30
3 62 55
3 0 84
3 47 39
3 51 10
3 95 44
3 92 36
3 29 12
3 98 0
3 39 65
3 82 95
3 64 63
3 66 56
3 85 76
3 81 32
3 17 89
3 62 79
3 97 14
3 16 96
3 53 67
3 6 1
3 63 50
3 37 93
3 63 88
3 93 2
3 5 27
3 98 21
3 90 16
3 78 76
3 93 59
3 8 62
3 1 22
3 42 98
3 36 10
3 94 41
3 77 52
3 42 93
3 3 32
3 86 66
3 20 31
3 20 77
3 58 70
3 98 49
3 87 76
3 77 32
3 88 37
3 94 41
3 11 88
3 39 47
3 98 85
3 88 28
3 37 31
3 21 92
3 15 59
3 10 87
3 90 31
3 64 0
3 53 62
3 1 40
3 91 78
3 24 31
3 67 19
3 72 78
3 7 63
3 77 58
3 48 18
3 86 37
3 1 59
3 30 16
3 18 92
3 3 8
3 23 67
3 60 77
3 29 62
3 69 72
3 92 94
3 3 60
3 65 75
3 90 24
3 38 68
3 82 38
3 38 20
3 76 39
3 79 58
3 55 49
3 50 58
3 9 26
3 77 70
3 55 58
3 32 24
3 31 24
3 70 34
3 36 35
3 10 79
3 12 0
3 99 94
3 39 37
3 67 15
3 76 46
3 73 31
3 96 75
3 41 5
3 1 18
3 27 56
3 28 59
3 33 59
3 36 3
3 94 24
3 91 56
3 3 3
3 56 2
3 49 95
3 91 16
3 10 67
3 15 35
3 50 11
3 11 43
3 68 64
3 13 96
3 21 42
3 7 54
3 1 95
3 9 95
3 20 52
3 3 23
3 55 60
3 78 57
3 55 69
3 73 18
3 89 40
3 5 39
3 3 68
3 35 72
3 33 48
3 20 6
3 90 79
3 60 44
3 75 21
3 91 95
3 74 95
3 70 81
3 55 48
3 38 62
3 70 64
3 80 59
3 4 38
3 50 8
3 6 37
3 32 91
3 86 52
3 97 28
3 83 9
3 72 58
3 31 64
3 5 5
3 59 76
3 86 14
3 76 25
3 76 98
3 89 9
3 9 45
3 47 12
3 53 5
3 49 85
3 97 35
3 89 94
3 64 73
3 4 36
3 83 87
3 0 89
3 92 11
3 17 78
3 25 93
3 55 54
3 44 96
3 63 53
3 42 62
3 65 47
3 67 15
3 33 16
3 50 74
3 11 66
3 99 67
3 3 83
3 54 55
3 24 98
3 67 41
3 28 44
3 86 84
3 98 30
3 80 13
3 84 74
3 27 1
3 22 95
3 16 7
3 63 19
3 33 26
3 85 33
3 93 40
3 68 99
3 96 44
3 49 15
3 37 78
3 59 75
3 62 10
3 6 94
3 75 42
3 21 3
3 43 95
3 50 12
3 54 13
3 31 87
3 40 16
3 72 85
3 9 92
3 37 57
3 88 86
3 72 25
3 64 83
3 1 78
3 45 59
3 25 21
3 1 98
3 76 96
3 93 26
3 8 47
3 39 91
3 86 31
3 60 59
3 17 69
3 3 54
3 26 92
3 40 50
3 17 57
3 85 70
3 87 31
3 29 12
3 4 82
3 10 80
3 31 55
3 6 91
3 2 97
3 83 89
3 29 95
3 0 46
3 64 3
3 52 42
3 47 44
3 44 65
3 1 29
3 87 41
3 12 17
3 5 16
3 99 16
3 96 82
3 23 54
3 74 26
3 52 57
3 67 81
3 52 19
3 79 68
3 22 31
3 62 22
3 27 6
3 87 81
3 87 74
3 22 52
3 43 27
3 20 95
3 95 17
3 77 19
3 23 51
3 97 75
3 60 64
3 8 64
3 83 39
3 32 57
3 70 46
3 79 50
3 4 18
3 31 44
3 45 53
3 96 40
3 32 16
3 35 28
3 85 65
3 47 9
3 16 44
3 36 29
3 60 45
3 93 95
3 84 78
3 4 7
3 76 84
3 9 81
3 54 40
3 77 51
3 93 73
3 92 25
3 41 79
3 5 79
3 44 52
3 88 13
3 48 76
3 42 8
3 73 87
3 55 58
3 17 60
3 17 46
3 96 26
3 27 50
3 18 4
3 54 63
3 29 98
3 40 22
3 77 46
3 1 22
3 50 41
3 87 99
3 18 29
3 59 91
3 68 15
3 1 38
3 75 70
3 84 23
3 48 63
3 25 66
3 19 79
3 29 48
3 77 22
3 22 55
3 68 24
3 29 18
3 17 16
3 69 35
3 97 81
3 79 17
3 48 32
3 55 75
3 55 91
3 98 3
3 54 23
3 22 73
3 3 3
3 73 32
3 25 96
3 39 45
3 72 68
3 16 89
3 36 85
3 77 33
3 18 8
3 51 66
3 92 58
4 14 39
4 55 67
4 60 41
4 55 98
4 72 53
4 75 41
4 66 33
4 68 71
4 58 55
4 64 1
4 30 24
4 28 89
4 55 60
4 4 32
4 36 36
4 62 50
4 75 69
4 70 87
4 10 25
4 85 34
4 30 61
4 76 48
4 94 96
4 19 52
4 3 36
4 54 34
4 60 34
4 75 67
4 46 31
4 51 83
4 67 14
4 85 94
4 35 7
4 82 46
4 84 67
4 32 67
4 28 60
4 15 75
4 8 35
4 79 12
4 71 33
4 98 83
4 20 25
4 50 66
4 8 1
4 1 27
4 67 39
4 21 3
4 46 3
4 1 83
4 23 85
4 50 3
4 46 65
4 78 6
4 0 58
4 18 23
4 43 16
4 6 15
4 93 8
4 82 1
4 10 35
4 28 29
4 74 50
4 32 73
4 5 85
4 56 80
4 71 6
4 84 69
4 23 62
4 75 76
4 72 94
4 99 68
4 62 58
4 83 56
4 66 65
4 57 28
4 53 38
4 58 27
4 88 42
4 52 45
4 80 60
4 26 51
4 66 10
4 20 42
4 24 47
4 18 49
4 93 17
4 17 56
4 27 0
4 64 94
4 66 73
4 74 71
4 11 84
4 98 99
4 79 3
4 97 59
4 63 23
4 10 82
4 85 82
4 24 61
4 81 42
4 10 75
4 11 27
4 31 39
4 28 47
4 85 46
4 20 59
4 17 32
4 96 67
4 83 75
4 22 80
4 34 86
4 55 96
4 20 40
4 78 44
4 2 59
4 38 12
4 34 1
4 92 17
4 40 20
4 64 77
4 18 85
4 89 87
4 69 85
4 6 52
4 12 29
4 85 46
4 15 40
4 42 35
4 81 72
4 31 83
4 83 21
4 47 70
4 22 39
4 39 15
4 11 4
4 92 81
4 41 33
4 68 10
4 70 75
4 14 82
4 4 99
4 28 71
4 40 22
4 58 73
4 94 41
4 8 30
4 62 55
4 0 84
4 47 39
4 51 10
4 95 44
4 92 36
4 29 12
4 98 0
4 39 65
4 82 95
4 64 63
4 66 56
4 85 76
4 81 32
4 17 89
4 62 79
4 97 14
4 16 96
4 53 67
4 6 1
4 63 50
4 37 93
4 63 88
4 93 2
4 5 27
4 98 21
4 90 16
4 78 76
4 93 59
4 8 62
4 1 22
4 42 98
4 36 10
4 94 41
4 77 52
4 42 93
4 3 32
4 86 66
4 20 31
4 20 77
4 58 70
4 98 49
4 87 76
4 77 32
4 88 37
4 94 41
4 11 88
4 39 47
4 98 85
4 88 28
4 37 31
4 21 92
4 15 59
4 10 87
4 90 31
4 64 0
4 53 62
4 1 40
4 91 78
4 24 31
4 67 19
4 72 78
4 7 63
4 77 58
4 48 18
4 86 37
4 1 59
4 30 16
4 18 92
4 3 8
4 23 67
4 60 77
4 29 62
4 69 72
4 92 94
4 3 60
4 65 75
4 90 24
4 38 68
4 82 38
4 38 20
4 76 39
4 79 58
4 55 49
4 50 58
4 9 26
4 77 70
4 55 58
4 32 24
4 31 24
4 70 34
4 36 35
4 10 79
4 12 0
4 99 94
4 39 37
4 67 15
4 76 46
4 73 31
4 96 75
4 41 5
4 1 18
4 27 56
4 28 59
4 33 59
4 36 3
4 94 24
4 91 56
4 3 3
4 56 2
4 49 95
4 91 16
4 10 67
4 15 35
4 50 11
4 11 43
4 68 64
4 13 96
4 21 42
4 7 54
4 1 95
4 9 95
4 20 52
4 3 23
4 55 60
4 78 57
4 55 69
4 73 18
4 89 40
4 5 39
4 3 68
4 35 72
4 33 48
4 20 6
4 90 79
4 60 44
4 75 21
4 91 95
4 74 95
4 70 81
4 55 48
4 38 62
4 70 64
4 80 59
4 4 38
4 50 8
4 6 37
4 32 91
4 86 52
4 97 28
4 83 9
4 72 58
4 31 64
4 5 5
4 59 76
4 86 14
4 76 25
4 76 98
4 89 9
4 9 45
4 47 12
4 53 5
4 49 85
4 97 35
4 89 94
4 64 73
4 4 36
4 83 87
4 0 89
4 92 11
4 17 78
4 25 93
4 55 54
4 44 96
4 63 53
4 42 62
4 65 47
4 67 15
4 33 16
4 50 74
4 11 66
4 99 67
4 3 83
4 54 55
4 24 98
4 67 41
4 28 44
4 86 84
4 98 30
4 80 13
4 84 74
4 27 1
4 22 95
4 16 7
4 63 19
4 33 26
4 85 33
4 93 40
4 68 99
4 96 44
4 49 15
4 37 78
4 59 75
4 62 10
4 6 94
4 75 42
4 21 3
4 43 95
4 50 12
4 54 13
4 31 87
4 40 16
4 72 85
4 9 92
4 37 57
4 88 86
4 72 25
4 64 83
4 1 78
4 45 59
4 25 21
4 1 98
4 76 96
4 93 26
4 8 47
4 39 91
4 86 31
4 60 59
4 17 69
4 3 54
4 26 92
4 40 50
4 17 57
4 85 70
4 87 31
4 29 12
4 4 82
4 10 80
4 31 55
4 6 91
4 2 97
4 83 89
4 29 95
4 0 46
4 64 3
4 52 42
4 47 44
4 44 65
4 1 29
4 87 41
4 12 17
4 5 16
4 99 16
4 96 82
4 23 54
4 74 26
4 52 57
4 67 81
4 52 19
4 79 68
4 22 31
4 62 22
4 27 6
4 87 81
4 87 74
4 22 52
4 43 27
4 20 95
4 95 17
4 77 19
4 23 51
4 97 75
4 60 64
4 8 64
4 83 39
4 32 57
4 70 46
4 79 50
4 4 18
4 31 44
4 45 53
4 96 40
4 32 16
4 35 28
4 85 65
4 47 9
4 16 44
4 36 29
4 60 45
4 93 95
4 84 78
4 4 7
4 76 84
4 9 81
4 54 40
4 77 51
4 93 73
4 92 25
4 41 79
4 5 79
4 44 52
4 88 13
4 48 76
4 42 8
4 73 87
4 55 58
4 17 60
4 17 46
4 96 26
4 27 50
4 18 4
4 54 63
4 29 98
4 40 22
4 77 46
4 1 22
4 50 41
4 87 99
4 18 29
4 59 91
4 68 15
4 1 38
4 75 70
4 84 23
4 48 63
4 25 66
4 19 79
4 29 48
4 77 22
4 22 55
4 68 24
4 29 18
4 17 16
4 69 35
4 97 81
4 79 17
4 48 32
4 55 75
4 55 91
4 98 3
4 54 23
4 22 73
4 3 3
4 73 32
4 25 96
4 39 45
4 72 68
4 16 89
4 36 85
4 77 33
4 18 8
4 51 66
4 92 58
5 14 39
5 55 67
5 60 41
5 55 98
5 72 53
5 75 41
5 66 33
5 68 71
5 58 55
5 64 1
5 30 24
5 28 89
5 55 60
5 4 32
5 36 36
5 62 50
5 75 69
5 70 87
5 10 25
5 85 34
5 30 61
5 76 48
5 94 96
5 19 52
5 3 36
5 54 34
5 60 34
5 75 67
5 46 31
5 51 83
5 67 14
5 85 94
5 35 7
5 82 46
5 84 67
5 32 67
5 28 60
5 15 75
5 8 35
5 79 12
5 71 33
5 98 83
5 20 25
5 50 66
5 8 1
5 1 27
5 67 39
5 21 3
5 46 3
5 1 83
5 23 85
5 50 3
5 46 65
5 78 6
5 0 58
5 18 23
5 43 16
5 6 15
5 93 8
5 82 1
5 10 35
5 28 29
5 74 50
5 32 73
5 5 85
5 56 80
5 71 6
5 84 69
5 23 62
5 75 76
5 72 94
5 99 68
5 62 58
5 83 56
5 66 65
5 57 28
5 53 38
5 58 27
5 88 42
5 52 45
5 80 60
5 26 51
5 66 10
5 20 42
5 24 47
5 18 49
5 93 17
5 17 56
5 27 0
5 64 94
5 66 73
5 74 71
5 11 84
5 98 99
5 79 3
5 97 59
5 63 23
5 10 82
5 85 82
5 24 61
5 81 42
5 10 75
5 11 27
5 31 39
5 28 47
5 85 46
5 20 59
5 17 32
5 96 67
5 83 75
5 22 80
5 34 86
5 55 96
5 20 40
5 78 44
5 2 59
5 38 12
5 34 1
5 92 17
5 40 20
5 64 77
5 18 85
5 89 87
5 69 85
5 6 52
5 12 29
5 85 46
5 15 40
5 42 35
5 81 72
5 31 83
5 83 21
5 47 70
5 22 39
5 39 15
5 11 4
5 92 81
5 41 33
5 68 10
5 70 75
5 14 82
5 4 99
5 28 71
5 40 22
5 58 73
5 94 41
5 8 30
5 62 55
5 0 84
5 47 39
5 51 10
5 95 44
5 92 36
5 29 12
5 98 0
5 39 65
5 82 95
5 64 63
5 66 56
5 85 76
5 81 32
5 17 89
5 62 79
5 97 14
5 16 96
5 53 67
5 6 1
5 63 50
5 37 93
5 63 88
5 93 2
5 5 27
5 98 21
5 90 16
5 78 76
5 93 59
5 8 62
5 1 22
5 42 98
5 36 10
5 94 41
5 77 52
5 42 93
5 3 32
5 86 66
5 20 31
5 20 77
5 58 70
5 98 49
5 87 76
5 77 32
5 88 37
5 94 41
5 11 88
5 39 47
5 98 85
5 88 28
5 37 31
5 21 92
5 15 59
5 10 87
5 90 31
5 64 0
5 53 62
5 1 40
5 91 78
5 24 31
5 67 19
5 72 78
5 7 63
5 77 58
5 48 18
5 86 37
5 1 59
5 30 16
5 18 92
5 3 8
5 23 67
5 60 77
5 29 62
5 69 72
5 92 94
5 3 60
5 65 75
5 90 24
5 38 68
5 82 38
5 38 20
5 76 39
5 79 58
5 55 49
5 50 58
5 9 26
5 77 70
5 55 58
5 32 24
5 31 24
5 70 34
5 36 35
5 10 79
5 12 0
5 99 94
5 39 37
5 67 15
5 76 46
5 73 31
5 96 75
5 41 5
5 1 18
5 27 56
5 28 59
5 33 59
5 36 3
5 94 24
5 91 56
5 3 3
5 56 2
5 49 95
5 91 16
5 10 67
5 15 35
5 50 11
5 11 43
5 68 64
5 13 96
5 21 42
5 7 54
5 1 95
5 9 95
5 20 52
5 3 23
5 55 60
5 78 57
5 55 69
5 73 18
5 89 40
5 5 39
5 3 68
5 35 72
5 33 48
5 20 6
5 90 79
5 60 44
5 75 21
5 91 95
5 74 95
5 70 81
5 55 48
5 38 62
5 70 64
5 80 59
5 4 38
5 50 8
5 6 37
5 32 91
5 86 52
5 97 28
5 83 9
5 72 58
5 31 64
5 5 5
5 59 76
5 86 14
5 76 25
5 76 98
5 89 9
5 9 45
5 47 12
5 53 5
5 49 85
5 97 35
5 89 94
5 64 73
5 4 36
5 83 87
5 0 89
5 92 11
5 17 78
5 25 93
5 55 54
5 44 96
5 63 53
5 42 62
5 65 47
5 67 15
5 33 16
5 50 74
5 11 66
5 99 67
5 3 83
5 54 55
5 24 98
5 67 41
5 28 44
5 86 84
5 98 30
5 80 13
5 84 74
5 27 1
5 22 95
5 16 7
5 63 19
5 33 26
5 85 33
5 93 40
5 68 99
5 96 44
5 49 15
5 37 78
5 59 75
5 62 10
5 6 94
5 75 42
5 21 3
5 43 95
5 50 12
5 54 13
5 31 87
5 40 16
5 72 85
5 9 92
5 37 57
5 88 86
5 72 25
5 64 83
5 1 78
5 45 59
5 25 21
5 1 98
5 76 96
5 93 26
5 8 47
5 39 91
5 86 31
5 60 59
5 17 69
5 3 54
5 26 92
5 40 50
5 17 57
5 85 70
5 87 31
5 29 12
5 4 82
5 10 80
5 31 55
5 6 91
5 2 97
5 83 89
5 29 95
5 0 46
5 64 3
5 52 42
5 47 44
5 44 65
5 1 29
5 87 41
5 12 17
5 5 16
5 99 16
5 96 82
5 23 54
5 74 26
5 52 57
5 67 81
5 52 19
5 79 68
5 22 31
5 62 22
5 27 6
5 87 81
5 87 74
5 22 52
5 43 27
5 20 95
5 95 17
5 77 19
5 23 51
5 97 75
5 60 64
5 8 64
5 83 39
5 32 57
5 70 46
5 79 50
5 4 18
5 31 44
5 45 53
5 96 40
5 32 16
5 35 28
5 85 65
5 47 9
5 16 44
5 36 29
5 60 45
5 93 95
5 84 78
5 4 7
5 76 84
5 9 81
5 54 40
5 77 51
5 93 73
5 92 25
5 41 79
5 5 79
5 44 52
5 88 13
5 48 76
5 42 8
5 73 87
5 55 58
5 17 60
5 17 46
5 96 26
5 27 50
5 18 4
5 54 63
5 29 98
5 40 22
5 77 46
5 1 22
5 50 41
5 87 99
5 18 29
5 59 91
5 68 15
5 1 38
5 75 70
5 84 23
5 48 63
5 25 66
5 19 79
5 29 48
5 77 22
5 22 55
5 68 24
5 29 18
5 17 16
5 69 35
5 97 81
5 79 17
5 48 32
5 55 75
5 55 91
5 98 3
5 54 23
5 22 73
5 3 3
5 73 32
5 25 96
5 39 45
5 72 68
5 16 89
5 36 85
5 77 33
5 18 8
5 51 66
5 92 58
